// Jest Snapshot v1, https://goo.gl/fbAQLP

exports[`buttonizer renders a button 1`] = `
<UsaButton
  buttonStyle="outline"
  disabled={false}
  onClick={[Function]}
  type="button"
>
  Click Me
</UsaButton>
`;
